A series of includes:

line 1
line 1
line 2
line 3


An some more text.

