One include here,

line 1
line 2
line 3


in the middle.