line 1
line 2
line 3


Only one include, at the start of file.